GAMS 45.3.0  c4c31d8a Nov 11, 2023          DEX-DEG x86 64bit/macOS - 12/03/23 18:32:29 Page 1
Mean-variance model.
C o m p i l a t i o n


   2   
   3  SET Assets;
   4   
   5  ALIAS(Assets,i,j);
   6   
   7  PARAMETERS
   8           ExpectedReturns(i)  Expected returns
   9           VarCov(i,j)         Variance-Covariance matrix ;
  10   
  11   
GDXIN   /Users/madhav/Desktop/Project 643/GAMS Codes/Estimate.gdx
--- LOAD  Assets = 22:SUBSET
--- LOAD  VarCov = 25:VarCov
--- LOAD  ExpectedReturns = 26:ExpectedReturns
  15   
  16  SCALAR
  17      lambda Risk aversion Factor;
  18   
  19   
  20  POSITIVE VARIABLES
  21      x(i) Holdings of assets;
  22   
  23  VARIABLES
  24      PortVariance Portfolio variance
  25      PortReturn   Portfolio return
  26      z            Objective function value;
  27   
  28  EQUATIONS
  29      ReturnDef    Equation defining the portfolio return
  30      VarDef       Equation defining the portfolio variance
  31      NormalCon    Equation defining the normalization contraint
  32      ObjDef       Objective function definition;
  33   
  34   
  35  ReturnDef ..   PortReturn    =e= SUM(i, ExpectedReturns(i)*x(i));
  36   
  37  VarDef    ..   PortVariance  =e= SUM((i,j), x(i)*VarCov(i,j)*x(j));
  38   
  39  NormalCon ..   SUM(i, x(i))  =e= 1;
  40   
  41  ObjDef    ..   z             =e= (1-lambda) * PortReturn - lambda * PortVariance;
  42   
  43  MODEL MeanVar 'PFO Model 3.2.3' /all/;
  44   
  45  FILE FrontierHandle /"MeanVarianceFrontier.csv"/;
  46   
  47  FrontierHandle.pc = 5;
  48   
  49  PUT FrontierHandle;
  50   
  51  PUT "Lambda","z","Variance","ExpReturn";
  52   
  53  LOOP (i, PUT i.tl);
  54   
  55  PUT /;
  56   
  57   
  58  FOR  (lambda = 0 TO 1 BY 0.1,
  59   
  60     SOLVE MeanVar MAXIMIZING z USING nlp;
  61   
  62     PUT lambda:6:5, z.l:6:5, PortVariance.l:6:5, PortReturn.l:6:5;
  63   
  64     LOOP (i, PUT x.l(i):6:5 );
  65   
  66     PUT /;
  67  )
  68   
  69   
  70  PUTCLOSE;
GAMS 45.3.0  c4c31d8a Nov 11, 2023          DEX-DEG x86 64bit/macOS - 12/03/23 18:32:29 Page 2
Mean-variance model.
Include File Summary


   SEQ   GLOBAL TYPE      PARENT   LOCAL  FILENAME

     1        1 INPUT          0       0  /Users/madhav/Desktop/Project 643/GAMS Codes/meanvar.gms
     2       12 GDXIN          1      12  /Users/madhav/Desktop/Project 643/GAMS Codes/Estimate.gdx


COMPILATION TIME     =        0.008 SECONDS      3 MB  45.3.0 c4c31d8a DEX-DEG
GAMS 45.3.0  c4c31d8a Nov 11, 2023          DEX-DEG x86 64bit/macOS - 12/03/23 18:32:29 Page 3
Mean-variance model.
Equation Listing    SOLVE MeanVar Using NLP From line 60


---- ReturnDef  =E=  Equation defining the portfolio return

ReturnDef..  - 0.0642058030681196*x(YRS_1_3) - 0.147658072041419*x(EMU) - 0.140496832782282*x(EU_EX) - 0.0417064025167957*x(PACIFIC) - 0.238042904546191*x(EMERGT) - 0.186583623751555*x(NOR_AM) - 0.0936541248576683*x(CASH_EU) - 0.0969474787252928*x(ITMHIST) + PortReturn =E= 0 ; (LHS = 0)
     

---- VarDef  =E=  Equation defining the portfolio variance

VarDef..  (0)*x(YRS_1_3) + (0)*x(EMU) + (0)*x(EU_EX) + (0)*x(PACIFIC) + (0)*x(EMERGT) + (0)*x(NOR_AM) + (0)*x(CASH_EU) + (0)*x(ITMHIST) + PortVariance =E= 0 ; (LHS = 0)
     

---- NormalCon  =E=  Equation defining the normalization contraint

NormalCon..  x(YRS_1_3) + x(EMU) + x(EU_EX) + x(PACIFIC) + x(EMERGT) + x(NOR_AM) + x(CASH_EU) + x(ITMHIST) =E= 1 ; (LHS = 0, INFES = 1 ****)
     

---- ObjDef  =E=  Objective function definition

ObjDef..  - PortReturn + z =E= 0 ; (LHS = 0)
     
GAMS 45.3.0  c4c31d8a Nov 11, 2023          DEX-DEG x86 64bit/macOS - 12/03/23 18:32:29 Page 4
Mean-variance model.
Column Listing      SOLVE MeanVar Using NLP From line 60


---- x  Holdings of assets

x(YRS_1_3)
                (.LO, .L, .UP, .M = 0, 0, +INF, 0)
       -0.0642  ReturnDef
       (0)      VarDef
        1       NormalCon

x(EMU)
                (.LO, .L, .UP, .M = 0, 0, +INF, 0)
       -0.1477  ReturnDef
       (0)      VarDef
        1       NormalCon

x(EU_EX)
                (.LO, .L, .UP, .M = 0, 0, +INF, 0)
       -0.1405  ReturnDef
       (0)      VarDef
        1       NormalCon

REMAINING 5 ENTRIES SKIPPED

---- PortVariance  Portfolio variance

PortVariance
                (.LO, .L, .UP, .M = -INF, 0, +INF, 0)
        1       VarDef


---- PortReturn  Portfolio return

PortReturn
                (.LO, .L, .UP, .M = -INF, 0, +INF, 0)
        1       ReturnDef
       -1       ObjDef


---- z  Objective function value

z
                (.LO, .L, .UP, .M = -INF, 0, +INF, 0)
        1       ObjDef

GAMS 45.3.0  c4c31d8a Nov 11, 2023          DEX-DEG x86 64bit/macOS - 12/03/23 18:32:29 Page 5
Mean-variance model.
Range Statistics    SOLVE MeanVar Using NLP From line 60


RANGE STATISTICS (ABSOLUTE NON-ZERO FINITE VALUES)

RHS       [min, max] : [ 1.000E+00, 1.000E+00] - Zero values observed as well
Bound     [min, max] : [        NA,        NA] - Zero values observed as well
Matrix    [min, max] : [ 4.171E-02, 1.000E+00] - Zero values observed as well

GAMS 45.3.0  c4c31d8a Nov 11, 2023          DEX-DEG x86 64bit/macOS - 12/03/23 18:32:29 Page 6
Mean-variance model.
Model Statistics    SOLVE MeanVar Using NLP From line 60


LOOPS                            FOR/WHILE   1


MODEL STATISTICS

BLOCKS OF EQUATIONS           4     SINGLE EQUATIONS            4
BLOCKS OF VARIABLES           4     SINGLE VARIABLES           11
NON ZERO ELEMENTS            28     NON LINEAR N-Z              8
CODE LENGTH                 258     CONSTANT POOL              52


GENERATION TIME      =        0.006 SECONDS      4 MB  45.3.0 c4c31d8a DEX-DEG
               L O O P S          FOR/WHILE 1

GAMS 45.3.0  c4c31d8a Nov 11, 2023          DEX-DEG x86 64bit/macOS - 12/03/23 18:32:29 Page 7
Mean-variance model.
Solution Report     SOLVE MeanVar Using NLP From line 60


               S O L V E      S U M M A R Y

     MODEL   MeanVar             OBJECTIVE  z
     TYPE    NLP                 DIRECTION  MAXIMIZE
     SOLVER  CONOPT              FROM LINE  60

**** SOLVER STATUS     1 Normal Completion
**** MODEL STATUS      2 Locally Optimal
**** OBJECTIVE VALUE                0.2380

 RESOURCE USAGE, LIMIT          0.029 10000000000.000
 ITERATION COUNT, LIMIT         4    2147483647
 EVALUATION ERRORS              0             0
--- *** This solver runs with a demo license. No commercial use.
 
 
    C O N O P T 3   version 3.17O
    Copyright (C)   ARKI Consulting and Development A/S
                    Bagsvaerdvej 246 A
                    DK-2880 Bagsvaerd, Denmark
 
 
    The model has 11 variables and 4 constraints
    with 28 Jacobian elements, 8 of which are nonlinear.
    The Hessian of the Lagrangian has 8 elements on the diagonal,
    28 elements below the diagonal, and 8 nonlinear variables.
 
 ** Warning **  The value of LFITER is out of range.
                LFITER is decreased from 2147483647 to 1000000000.
 
                   Pre-triangular equations:   0
                   Post-triangular equations:  3
 
 
 ** Optimal solution. There are no superbasic variables.
 
 
 CONOPT time Total                            0.007 seconds
   of which: Function evaluations             0.001 = 14.3%
             1st Derivative evaluations       0.000 =  0.0%
 

                           LOWER          LEVEL          UPPER         MARGINAL

---- EQU ReturnDef           .              .              .             1.0000      
---- EQU VarDef              .              .              .             EPS         
---- EQU NormalCon          1.0000         1.0000         1.0000         0.2380      
---- EQU ObjDef              .              .              .             1.0000      

  ReturnDef  Equation defining the portfolio return
  VarDef  Equation defining the portfolio variance
  NormalCon  Equation defining the normalization contraint
  ObjDef  Objective function definition

---- VAR x  Holdings of assets

               LOWER          LEVEL          UPPER         MARGINAL

YRS_1_3          .              .            +INF           -0.1738      
EMU              .              .            +INF           -0.0904      
EU_EX            .              .            +INF           -0.0975      
PACIFIC          .              .            +INF           -0.1963      
EMERGT           .             1.0000        +INF             .          
NOR_AM           .              .            +INF           -0.0515      
CASH_EU          .              .            +INF           -0.1444      
ITMHIST          .              .            +INF           -0.1411      

                           LOWER          LEVEL          UPPER         MARGINAL

---- VAR PortVaria~        -INF            0.9355        +INF             .          
---- VAR PortReturn        -INF            0.2380        +INF             .          
---- VAR z                 -INF            0.2380        +INF             .          

  PortVariance  Portfolio variance
  PortReturn  Portfolio return
  z  Objective function value


**** REPORT SUMMARY :        0     NONOPT
                             0 INFEASIBLE
                             0  UNBOUNDED
                             0     ERRORS
GAMS 45.3.0  c4c31d8a Nov 11, 2023          DEX-DEG x86 64bit/macOS - 12/03/23 18:32:29 Page 8
Mean-variance model.
Equation Listing    SOLVE MeanVar Using NLP From line 60


---- ReturnDef  =E=  Equation defining the portfolio return

ReturnDef..  - 0.0642058030681196*x(YRS_1_3) - 0.147658072041419*x(EMU) - 0.140496832782282*x(EU_EX) - 0.0417064025167957*x(PACIFIC) - 0.238042904546191*x(EMERGT) - 0.186583623751555*x(NOR_AM) - 0.0936541248576683*x(CASH_EU) - 0.0969474787252928*x(ITMHIST) + PortReturn =E= 0 ; (LHS = 0)
     

---- VarDef  =E=  Equation defining the portfolio variance

VarDef..  (0.375135558611018)*x(YRS_1_3) - (0.813464662865639)*x(EMU) - (0.718578851970259)*x(EU_EX) - (0.927797100040426)*x(PACIFIC) - (1.87097677795457)*x(EMERGT) - (0.783361770486491)*x(NOR_AM) - (0.0588423741879843)*x(CASH_EU) - (0.684458460888938)*x(ITMHIST) + PortVariance =E= 0 ; (LHS = 0)
     

---- NormalCon  =E=  Equation defining the normalization contraint

NormalCon..  x(YRS_1_3) + x(EMU) + x(EU_EX) + x(PACIFIC) + x(EMERGT) + x(NOR_AM) + x(CASH_EU) + x(ITMHIST) =E= 1 ; (LHS = 1)
     

---- ObjDef  =E=  Objective function definition

ObjDef..  0.1*PortVariance - 0.9*PortReturn + z =E= 0 ; (LHS = 0.117353129352348, INFES = 0.117353129352348 ****)
     
GAMS 45.3.0  c4c31d8a Nov 11, 2023          DEX-DEG x86 64bit/macOS - 12/03/23 18:32:29 Page 9
Mean-variance model.
Column Listing      SOLVE MeanVar Using NLP From line 60


---- x  Holdings of assets

x(YRS_1_3)
                (.LO, .L, .UP, .M = 0, 0, +INF, -0.173837101478071)
       -0.0642  ReturnDef
       (0.3751) VarDef
        1       NormalCon

x(EMU)
                (.LO, .L, .UP, .M = 0, 0, +INF, -0.0903848325047719)
       -0.1477  ReturnDef
      (-0.8135) VarDef
        1       NormalCon

x(EU_EX)
                (.LO, .L, .UP, .M = 0, 0, +INF, -0.0975460717639093)
       -0.1405  ReturnDef
      (-0.7186) VarDef
        1       NormalCon

REMAINING 5 ENTRIES SKIPPED

---- PortVariance  Portfolio variance

PortVariance
                (.LO, .L, .UP, .M = -INF, 0.935488388977284, +INF, 0)
        1       VarDef
        0.1     ObjDef


---- PortReturn  Portfolio return

PortReturn
                (.LO, .L, .UP, .M = -INF, 0.238042904546191, +INF, 0)
        1       ReturnDef
       -0.9     ObjDef


---- z  Objective function value

z
                (.LO, .L, .UP, .M = -INF, 0.238042904546191, +INF, 0)
        1       ObjDef

GAMS 45.3.0  c4c31d8a Nov 11, 2023          DEX-DEG x86 64bit/macOS - 12/03/23 18:32:29 Page 10
Mean-variance model.
Range Statistics    SOLVE MeanVar Using NLP From line 60


RANGE STATISTICS (ABSOLUTE NON-ZERO FINITE VALUES)

RHS       [min, max] : [ 1.000E+00, 1.000E+00] - Zero values observed as well
Bound     [min, max] : [        NA,        NA] - Zero values observed as well
Matrix    [min, max] : [ 4.171E-02, 1.871E+00]

GAMS 45.3.0  c4c31d8a Nov 11, 2023          DEX-DEG x86 64bit/macOS - 12/03/23 18:32:29 Page 11
Mean-variance model.
Model Statistics    SOLVE MeanVar Using NLP From line 60


LOOPS                            FOR/WHILE   2


MODEL STATISTICS

BLOCKS OF EQUATIONS           4     SINGLE EQUATIONS            4
BLOCKS OF VARIABLES           4     SINGLE VARIABLES           11
NON ZERO ELEMENTS            29     NON LINEAR N-Z              8
CODE LENGTH                 258     CONSTANT POOL              52


GENERATION TIME      =        0.009 SECONDS      4 MB  45.3.0 c4c31d8a DEX-DEG
               L O O P S          FOR/WHILE 2

GAMS 45.3.0  c4c31d8a Nov 11, 2023          DEX-DEG x86 64bit/macOS - 12/03/23 18:32:29 Page 12
Mean-variance model.
Solution Report     SOLVE MeanVar Using NLP From line 60


               S O L V E      S U M M A R Y

     MODEL   MeanVar             OBJECTIVE  z
     TYPE    NLP                 DIRECTION  MAXIMIZE
     SOLVER  CONOPT              FROM LINE  60

**** SOLVER STATUS     1 Normal Completion
**** MODEL STATUS      2 Locally Optimal
**** OBJECTIVE VALUE                0.1396

 RESOURCE USAGE, LIMIT          0.022 10000000000.000
 ITERATION COUNT, LIMIT         8    2147483647
 EVALUATION ERRORS              0             0
--- *** This solver runs with a demo license. No commercial use.
 
 
    C O N O P T 3   version 3.17O
    Copyright (C)   ARKI Consulting and Development A/S
                    Bagsvaerdvej 246 A
                    DK-2880 Bagsvaerd, Denmark
 
 
    The model has 11 variables and 4 constraints
    with 29 Jacobian elements, 8 of which are nonlinear.
    The Hessian of the Lagrangian has 8 elements on the diagonal,
    28 elements below the diagonal, and 8 nonlinear variables.
 
 ** Warning **  The value of LFITER is out of range.
                LFITER is decreased from 2147483647 to 1000000000.
 
                   Pre-triangular equations:   0
                   Post-triangular equations:  3
 
 
 ** Optimal solution. Reduced gradient less than tolerance.
 
 
 CONOPT time Total                            0.006 seconds
   of which: Function evaluations             0.001 = 16.7%
             1st Derivative evaluations       0.000 =  0.0%
 

                           LOWER          LEVEL          UPPER         MARGINAL

---- EQU ReturnDef           .              .              .             0.9000      
---- EQU VarDef              .              .              .            -0.1000      
---- EQU NormalCon          1.0000         1.0000         1.0000         0.0931      
---- EQU ObjDef              .              .              .             1.0000      

  ReturnDef  Equation defining the portfolio return
  VarDef  Equation defining the portfolio variance
  NormalCon  Equation defining the normalization contraint
  ObjDef  Objective function definition

---- VAR x  Holdings of assets

               LOWER          LEVEL          UPPER         MARGINAL

YRS_1_3          .              .            +INF           -0.0019      
EMU              .              .            +INF           -0.0270      
EU_EX            .              .            +INF           -0.0274      
PACIFIC          .              .            +INF           -0.1237      
EMERGT           .             0.3936        +INF            EPS         
NOR_AM           .             0.6064        +INF             .          
CASH_EU          .              .            +INF           -0.0148      
ITMHIST          .              .            +INF           -0.0574      

                           LOWER          LEVEL          UPPER         MARGINAL

---- VAR PortVaria~        -INF            0.4653        +INF             .          
---- VAR PortReturn        -INF            0.2068        +INF             .          
---- VAR z                 -INF            0.1396        +INF             .          

  PortVariance  Portfolio variance
  PortReturn  Portfolio return
  z  Objective function value


**** REPORT SUMMARY :        0     NONOPT
                             0 INFEASIBLE
                             0  UNBOUNDED
                             0     ERRORS
GAMS 45.3.0  c4c31d8a Nov 11, 2023          DEX-DEG x86 64bit/macOS - 12/03/23 18:32:29 Page 13
Mean-variance model.
Equation Listing    SOLVE MeanVar Using NLP From line 60


---- ReturnDef  =E=  Equation defining the portfolio return

ReturnDef..  - 0.0642058030681196*x(YRS_1_3) - 0.147658072041419*x(EMU) - 0.140496832782282*x(EU_EX) - 0.0417064025167957*x(PACIFIC) - 0.238042904546191*x(EMERGT) - 0.186583623751555*x(NOR_AM) - 0.0936541248576683*x(CASH_EU) - 0.0969474787252928*x(ITMHIST) + PortReturn =E= 0 ; (LHS = 0)
     

---- VarDef  =E=  Equation defining the portfolio variance

VarDef..  (0.333970731373923)*x(YRS_1_3) - (0.667616961104452)*x(EMU) - (0.607266801282275)*x(EU_EX) - (0.681004948075343)*x(PACIFIC) - (1.21142302762234)*x(EMERGT) - (0.748289500470616)*x(NOR_AM) - (0.0600596511322737)*x(CASH_EU) - (0.515552734089461)*x(ITMHIST) + PortVariance =E= 0 ; (LHS = 0)
     

---- NormalCon  =E=  Equation defining the normalization contraint

NormalCon..  x(YRS_1_3) + x(EMU) + x(EU_EX) + x(PACIFIC) + x(EMERGT) + x(NOR_AM) + x(CASH_EU) + x(ITMHIST) =E= 1 ; (LHS = 1)
     

---- ObjDef  =E=  Objective function definition

ObjDef..  0.2*PortVariance - 0.8*PortReturn + z =E= 0 ; (LHS = 0.0672121177068404, INFES = 0.0672121177068404 ****)
     
GAMS 45.3.0  c4c31d8a Nov 11, 2023          DEX-DEG x86 64bit/macOS - 12/03/23 18:32:29 Page 14
Mean-variance model.
Column Listing      SOLVE MeanVar Using NLP From line 60


---- x  Holdings of assets

x(YRS_1_3)
                (.LO, .L, .UP, .M = 0, 0, +INF, -0.00191401543063834)
       -0.0642  ReturnDef
       (0.334)  VarDef
        1       NormalCon

x(EMU)
                (.LO, .L, .UP, .M = 0, 0, +INF, -0.0269657426025063)
       -0.1477  ReturnDef
      (-0.6676) VarDef
        1       NormalCon

x(EU_EX)
                (.LO, .L, .UP, .M = 0, 0, +INF, -0.0273758419535122)
       -0.1405  ReturnDef
      (-0.6073) VarDef
        1       NormalCon

REMAINING 5 ENTRIES SKIPPED

---- PortVariance  Portfolio variance

PortVariance
                (.LO, .L, .UP, .M = -INF, 0.465284316392932, +INF, 0)
        1       VarDef
        0.2     ObjDef


---- PortReturn  Portfolio return

PortReturn
                (.LO, .L, .UP, .M = -INF, 0.206836860675472, +INF, 0)
        1       ReturnDef
       -0.8     ObjDef


---- z  Objective function value

z
                (.LO, .L, .UP, .M = -INF, 0.139624742968631, +INF, 0)
        1       ObjDef

GAMS 45.3.0  c4c31d8a Nov 11, 2023          DEX-DEG x86 64bit/macOS - 12/03/23 18:32:29 Page 15
Mean-variance model.
Range Statistics    SOLVE MeanVar Using NLP From line 60


RANGE STATISTICS (ABSOLUTE NON-ZERO FINITE VALUES)

RHS       [min, max] : [ 1.000E+00, 1.000E+00] - Zero values observed as well
Bound     [min, max] : [        NA,        NA] - Zero values observed as well
Matrix    [min, max] : [ 4.171E-02, 1.211E+00]

GAMS 45.3.0  c4c31d8a Nov 11, 2023          DEX-DEG x86 64bit/macOS - 12/03/23 18:32:29 Page 16
Mean-variance model.
Model Statistics    SOLVE MeanVar Using NLP From line 60


LOOPS                            FOR/WHILE   3


MODEL STATISTICS

BLOCKS OF EQUATIONS           4     SINGLE EQUATIONS            4
BLOCKS OF VARIABLES           4     SINGLE VARIABLES           11
NON ZERO ELEMENTS            29     NON LINEAR N-Z              8
CODE LENGTH                 258     CONSTANT POOL              52


GENERATION TIME      =        0.020 SECONDS      4 MB  45.3.0 c4c31d8a DEX-DEG
               L O O P S          FOR/WHILE 3

GAMS 45.3.0  c4c31d8a Nov 11, 2023          DEX-DEG x86 64bit/macOS - 12/03/23 18:32:29 Page 17
Mean-variance model.
Solution Report     SOLVE MeanVar Using NLP From line 60


               S O L V E      S U M M A R Y

     MODEL   MeanVar             OBJECTIVE  z
     TYPE    NLP                 DIRECTION  MAXIMIZE
     SOLVER  CONOPT              FROM LINE  60

**** SOLVER STATUS     1 Normal Completion
**** MODEL STATUS      2 Locally Optimal
**** OBJECTIVE VALUE                0.0982

 RESOURCE USAGE, LIMIT          0.027 10000000000.000
 ITERATION COUNT, LIMIT         9    2147483647
 EVALUATION ERRORS              0             0
--- *** This solver runs with a demo license. No commercial use.
 
 
    C O N O P T 3   version 3.17O
    Copyright (C)   ARKI Consulting and Development A/S
                    Bagsvaerdvej 246 A
                    DK-2880 Bagsvaerd, Denmark
 
 
    The model has 11 variables and 4 constraints
    with 29 Jacobian elements, 8 of which are nonlinear.
    The Hessian of the Lagrangian has 8 elements on the diagonal,
    28 elements below the diagonal, and 8 nonlinear variables.
 
 ** Warning **  The value of LFITER is out of range.
                LFITER is decreased from 2147483647 to 1000000000.
 
                   Pre-triangular equations:   0
                   Post-triangular equations:  3
 
 
 ** Optimal solution. Reduced gradient less than tolerance.
 
 
 CONOPT time Total                            0.004 seconds
   of which: Function evaluations             0.001 = 25.0%
             1st Derivative evaluations       0.000 =  0.0%
             Directional 2nd Derivative       0.000 =  0.0%
 

                           LOWER          LEVEL          UPPER         MARGINAL

---- EQU ReturnDef           .              .              .             0.8000      
---- EQU VarDef              .              .              .            -0.2000      
---- EQU NormalCon          1.0000         1.0000         1.0000         0.0733      
---- EQU ObjDef              .              .              .             1.0000      

  ReturnDef  Equation defining the portfolio return
  VarDef  Equation defining the portfolio variance
  NormalCon  Equation defining the normalization contraint
  ObjDef  Objective function definition

---- VAR x  Holdings of assets

               LOWER          LEVEL          UPPER         MARGINAL

YRS_1_3          .             0.3452        +INF            EPS         
EMU              .              .            +INF           -0.0255      
EU_EX            .              .            +INF           -0.0235      
PACIFIC          .              .            +INF           -0.1113      
EMERGT           .             0.1859        +INF            EPS         
NOR_AM           .             0.4690        +INF             .          
CASH_EU          .              .            +INF           -0.0005      
ITMHIST          .              .            +INF           -0.0561      

                           LOWER          LEVEL          UPPER         MARGINAL

---- VAR PortVaria~        -INF            0.1245        +INF             .          
---- VAR PortReturn        -INF            0.1539        +INF             .          
---- VAR z                 -INF            0.0982        +INF             .          

  PortVariance  Portfolio variance
  PortReturn  Portfolio return
  z  Objective function value


**** REPORT SUMMARY :        0     NONOPT
                             0 INFEASIBLE
                             0  UNBOUNDED
                             0     ERRORS
GAMS 45.3.0  c4c31d8a Nov 11, 2023          DEX-DEG x86 64bit/macOS - 12/03/23 18:32:29 Page 18
Mean-variance model.
Equation Listing    SOLVE MeanVar Using NLP From line 60


---- ReturnDef  =E=  Equation defining the portfolio return

ReturnDef..  - 0.0642058030681196*x(YRS_1_3) - 0.147658072041419*x(EMU) - 0.140496832782282*x(EU_EX) - 0.0417064025167957*x(PACIFIC) - 0.238042904546191*x(EMERGT) - 0.186583623751555*x(NOR_AM) - 0.0936541248576683*x(CASH_EU) - 0.0969474787252928*x(ITMHIST) + PortReturn =E= 0 ; (LHS = 0)
     

---- VarDef  =E=  Equation defining the portfolio variance

VarDef..  (0.109715170966592)*x(YRS_1_3) - (0.351764898659568)*x(EMU) - (0.312911200324519)*x(EU_EX) - (0.356984068031058)*x(PACIFIC) - (0.585633234945694)*x(EMERGT) - (0.379796111767151)*x(NOR_AM) - (0.0105720993593275)*x(CASH_EU) - (0.301893913068235)*x(ITMHIST) + PortVariance =E= 0 ; (LHS = 0)
     

---- NormalCon  =E=  Equation defining the normalization contraint

NormalCon..  x(YRS_1_3) + x(EMU) + x(EU_EX) + x(PACIFIC) + x(EMERGT) + x(NOR_AM) + x(CASH_EU) + x(ITMHIST) =E= 1 ; (LHS = 1)
     

---- ObjDef  =E=  Objective function definition

ObjDef..  0.3*PortVariance - 0.7*PortReturn + z =E= 0 ; (LHS = 0.0278452694264729, INFES = 0.0278452694264729 ****)
     
GAMS 45.3.0  c4c31d8a Nov 11, 2023          DEX-DEG x86 64bit/macOS - 12/03/23 18:32:29 Page 19
Mean-variance model.
Column Listing      SOLVE MeanVar Using NLP From line 60


---- x  Holdings of assets

x(YRS_1_3)
                (.LO, .L, .UP, .M = 0, 0.345165195518036, +INF, EPS)
       -0.0642  ReturnDef
       (0.1097) VarDef
        1       NormalCon

x(EMU)
                (.LO, .L, .UP, .M = 0, 0, +INF, -0.0255341987465924)
       -0.1477  ReturnDef
      (-0.3518) VarDef
        1       NormalCon

x(EU_EX)
                (.LO, .L, .UP, .M = 0, 0, +INF, -0.0234924504868926)
       -0.1405  ReturnDef
      (-0.3129) VarDef
        1       NormalCon

REMAINING 5 ENTRIES SKIPPED

---- PortVariance  Portfolio variance

PortVariance
                (.LO, .L, .UP, .M = -INF, 0.124545398969974, +INF, 0)
        1       VarDef
        0.3     ObjDef


---- PortReturn  Portfolio return

PortReturn
                (.LO, .L, .UP, .M = -INF, 0.153907295294755, +INF, 0)
        1       ReturnDef
       -0.7     ObjDef


---- z  Objective function value

z
                (.LO, .L, .UP, .M = -INF, 0.0982167564418089, +INF, 0)
        1       ObjDef

GAMS 45.3.0  c4c31d8a Nov 11, 2023          DEX-DEG x86 64bit/macOS - 12/03/23 18:32:29 Page 20
Mean-variance model.
Range Statistics    SOLVE MeanVar Using NLP From line 60


RANGE STATISTICS (ABSOLUTE NON-ZERO FINITE VALUES)

RHS       [min, max] : [ 1.000E+00, 1.000E+00] - Zero values observed as well
Bound     [min, max] : [        NA,        NA] - Zero values observed as well
Matrix    [min, max] : [ 1.057E-02, 1.000E+00]

GAMS 45.3.0  c4c31d8a Nov 11, 2023          DEX-DEG x86 64bit/macOS - 12/03/23 18:32:29 Page 21
Mean-variance model.
Model Statistics    SOLVE MeanVar Using NLP From line 60


LOOPS                            FOR/WHILE   4


MODEL STATISTICS

BLOCKS OF EQUATIONS           4     SINGLE EQUATIONS            4
BLOCKS OF VARIABLES           4     SINGLE VARIABLES           11
NON ZERO ELEMENTS            29     NON LINEAR N-Z              8
CODE LENGTH                 258     CONSTANT POOL              52


GENERATION TIME      =        0.005 SECONDS      4 MB  45.3.0 c4c31d8a DEX-DEG
               L O O P S          FOR/WHILE 4

GAMS 45.3.0  c4c31d8a Nov 11, 2023          DEX-DEG x86 64bit/macOS - 12/03/23 18:32:29 Page 22
Mean-variance model.
Solution Report     SOLVE MeanVar Using NLP From line 60


               S O L V E      S U M M A R Y

     MODEL   MeanVar             OBJECTIVE  z
     TYPE    NLP                 DIRECTION  MAXIMIZE
     SOLVER  CONOPT              FROM LINE  60

**** SOLVER STATUS     1 Normal Completion
**** MODEL STATUS      2 Locally Optimal
**** OBJECTIVE VALUE                0.0762

 RESOURCE USAGE, LIMIT          0.016 10000000000.000
 ITERATION COUNT, LIMIT         9    2147483647
 EVALUATION ERRORS              0             0
--- *** This solver runs with a demo license. No commercial use.
 
 
    C O N O P T 3   version 3.17O
    Copyright (C)   ARKI Consulting and Development A/S
                    Bagsvaerdvej 246 A
                    DK-2880 Bagsvaerd, Denmark
 
 
    The model has 11 variables and 4 constraints
    with 29 Jacobian elements, 8 of which are nonlinear.
    The Hessian of the Lagrangian has 8 elements on the diagonal,
    28 elements below the diagonal, and 8 nonlinear variables.
 
 ** Warning **  The value of LFITER is out of range.
                LFITER is decreased from 2147483647 to 1000000000.
 
                   Pre-triangular equations:   0
                   Post-triangular equations:  3
 
 
 ** Optimal solution. Reduced gradient less than tolerance.
 
 
 CONOPT time Total                            0.003 seconds
   of which: Function evaluations             0.000 =  0.0%
             1st Derivative evaluations       0.000 =  0.0%
             Directional 2nd Derivative       0.000 =  0.0%
 

                           LOWER          LEVEL          UPPER         MARGINAL

---- EQU ReturnDef           .              .              .             0.7000      
---- EQU VarDef              .              .              .            -0.3000      
---- EQU NormalCon          1.0000         1.0000         1.0000         0.0611      
---- EQU ObjDef              .              .              .             1.0000      

  ReturnDef  Equation defining the portfolio return
  VarDef  Equation defining the portfolio variance
  NormalCon  Equation defining the normalization contraint
  ObjDef  Objective function definition

---- VAR x  Holdings of assets

               LOWER          LEVEL          UPPER         MARGINAL

YRS_1_3          .             0.3560        +INF            EPS         
EMU              .              .            +INF           -0.0244      
EU_EX            .              .            +INF           -0.0241      
PACIFIC          .              .            +INF           -0.1000      
EMERGT           .             0.1155        +INF             .          
NOR_AM           .             0.3289        +INF            EPS         
CASH_EU          .             0.1996        +INF            EPS         
ITMHIST          .              .            +INF           -0.0461      

                           LOWER          LEVEL          UPPER         MARGINAL

---- VAR PortVaria~        -INF            0.0504        +INF             .          
---- VAR PortReturn        -INF            0.1304        +INF             .          
---- VAR z                 -INF            0.0762        +INF             .          

  PortVariance  Portfolio variance
  PortReturn  Portfolio return
  z  Objective function value


**** REPORT SUMMARY :        0     NONOPT
                             0 INFEASIBLE
                             0  UNBOUNDED
                             0     ERRORS
GAMS 45.3.0  c4c31d8a Nov 11, 2023          DEX-DEG x86 64bit/macOS - 12/03/23 18:32:29 Page 23
Mean-variance model.
Equation Listing    SOLVE MeanVar Using NLP From line 60


---- ReturnDef  =E=  Equation defining the portfolio return

ReturnDef..  - 0.0642058030681196*x(YRS_1_3) - 0.147658072041419*x(EMU) - 0.140496832782282*x(EU_EX) - 0.0417064025167957*x(PACIFIC) - 0.238042904546191*x(EMERGT) - 0.186583623751555*x(NOR_AM) - 0.0936541248576683*x(CASH_EU) - 0.0969474787252928*x(ITMHIST) + PortReturn =E= 0 ; (LHS = 0)
     

---- VarDef  =E=  Equation defining the portfolio variance

VarDef..  (0.0537061145019313)*x(YRS_1_3) - (0.22246677261991)*x(EMU) - (0.204568892142552)*x(EU_EX) - (0.227089992785149)*x(PACIFIC) - (0.351913788946902)*x(EMERGT) - (0.231842133759419)*x(NOR_AM) - (0.015006636340349)*x(CASH_EU) - (0.176503655633172)*x(ITMHIST) + PortVariance =E= 0 ; (LHS = 0)
     

---- NormalCon  =E=  Equation defining the normalization contraint

NormalCon..  x(YRS_1_3) + x(EMU) + x(EU_EX) + x(PACIFIC) + x(EMERGT) + x(NOR_AM) + x(CASH_EU) + x(ITMHIST) =E= 1 ; (LHS = 1)
     

---- ObjDef  =E=  Objective function definition

ObjDef..  0.4*PortVariance - 0.6*PortReturn + z =E= 0 ; (LHS = 0.0180794113004468, INFES = 0.0180794113004468 ****)
     
GAMS 45.3.0  c4c31d8a Nov 11, 2023          DEX-DEG x86 64bit/macOS - 12/03/23 18:32:29 Page 24
Mean-variance model.
Column Listing      SOLVE MeanVar Using NLP From line 60


---- x  Holdings of assets

x(YRS_1_3)
                (.LO, .L, .UP, .M = 0, 0.356048221135259, +INF, EPS)
       -0.0642  ReturnDef
       (0.0537) VarDef
        1       NormalCon

x(EMU)
                (.LO, .L, .UP, .M = 0, 0, +INF, -0.0244352778552428)
       -0.1477  ReturnDef
      (-0.2225) VarDef
        1       NormalCon

x(EU_EX)
                (.LO, .L, .UP, .M = 0, 0, +INF, -0.0240787811934314)
       -0.1405  ReturnDef
      (-0.2046) VarDef
        1       NormalCon

REMAINING 5 ENTRIES SKIPPED

---- PortVariance  Portfolio variance

PortVariance
                (.LO, .L, .UP, .M = -INF, 0.0503846020037417, +INF, 0)
        1       VarDef
        0.4     ObjDef


---- PortReturn  Portfolio return

PortReturn
                (.LO, .L, .UP, .M = -INF, 0.130409511000726, +INF, 0)
        1       ReturnDef
       -0.6     ObjDef


---- z  Objective function value

z
                (.LO, .L, .UP, .M = -INF, 0.0761712770993856, +INF, 0)
        1       ObjDef

GAMS 45.3.0  c4c31d8a Nov 11, 2023          DEX-DEG x86 64bit/macOS - 12/03/23 18:32:29 Page 25
Mean-variance model.
Range Statistics    SOLVE MeanVar Using NLP From line 60


RANGE STATISTICS (ABSOLUTE NON-ZERO FINITE VALUES)

RHS       [min, max] : [ 1.000E+00, 1.000E+00] - Zero values observed as well
Bound     [min, max] : [        NA,        NA] - Zero values observed as well
Matrix    [min, max] : [ 1.501E-02, 1.000E+00]

GAMS 45.3.0  c4c31d8a Nov 11, 2023          DEX-DEG x86 64bit/macOS - 12/03/23 18:32:29 Page 26
Mean-variance model.
Model Statistics    SOLVE MeanVar Using NLP From line 60


LOOPS                            FOR/WHILE   5


MODEL STATISTICS

BLOCKS OF EQUATIONS           4     SINGLE EQUATIONS            4
BLOCKS OF VARIABLES           4     SINGLE VARIABLES           11
NON ZERO ELEMENTS            29     NON LINEAR N-Z              8
CODE LENGTH                 258     CONSTANT POOL              52


GENERATION TIME      =        0.004 SECONDS      4 MB  45.3.0 c4c31d8a DEX-DEG
               L O O P S          FOR/WHILE 5

GAMS 45.3.0  c4c31d8a Nov 11, 2023          DEX-DEG x86 64bit/macOS - 12/03/23 18:32:29 Page 27
Mean-variance model.
Solution Report     SOLVE MeanVar Using NLP From line 60


               S O L V E      S U M M A R Y

     MODEL   MeanVar             OBJECTIVE  z
     TYPE    NLP                 DIRECTION  MAXIMIZE
     SOLVER  CONOPT              FROM LINE  60

**** SOLVER STATUS     1 Normal Completion
**** MODEL STATUS      2 Locally Optimal
**** OBJECTIVE VALUE                0.0601

 RESOURCE USAGE, LIMIT          0.012 10000000000.000
 ITERATION COUNT, LIMIT         9    2147483647
 EVALUATION ERRORS              0             0
--- *** This solver runs with a demo license. No commercial use.
 
 
    C O N O P T 3   version 3.17O
    Copyright (C)   ARKI Consulting and Development A/S
                    Bagsvaerdvej 246 A
                    DK-2880 Bagsvaerd, Denmark
 
 
    The model has 11 variables and 4 constraints
    with 29 Jacobian elements, 8 of which are nonlinear.
    The Hessian of the Lagrangian has 8 elements on the diagonal,
    28 elements below the diagonal, and 8 nonlinear variables.
 
 ** Warning **  The value of LFITER is out of range.
                LFITER is decreased from 2147483647 to 1000000000.
 
                   Pre-triangular equations:   0
                   Post-triangular equations:  3
 
 
 ** Optimal solution. Reduced gradient less than tolerance.
 
 
 CONOPT time Total                            0.004 seconds
   of which: Function evaluations             0.000 =  0.0%
             1st Derivative evaluations       0.001 = 25.0%
             Directional 2nd Derivative       0.000 =  0.0%
 

                           LOWER          LEVEL          UPPER         MARGINAL

---- EQU ReturnDef           .              .              .             0.6000      
---- EQU VarDef              .              .              .            -0.4000      
---- EQU NormalCon          1.0000         1.0000         1.0000         0.0491      
---- EQU ObjDef              .              .              .             1.0000      

  ReturnDef  Equation defining the portfolio return
  VarDef  Equation defining the portfolio variance
  NormalCon  Equation defining the normalization contraint
  ObjDef  Objective function definition

---- VAR x  Holdings of assets

               LOWER          LEVEL          UPPER         MARGINAL

YRS_1_3          .             0.3583        +INF             .          
EMU              .              .            +INF           -0.0233      
EU_EX            .              .            +INF           -0.0248      
PACIFIC          .              .            +INF           -0.0887      
EMERGT           .             0.0803        +INF            EPS         
NOR_AM           .             0.2562        +INF            EPS         
CASH_EU          .             0.3052        +INF            EPS         
ITMHIST          .              .            +INF           -0.0358      

                           LOWER          LEVEL          UPPER         MARGINAL

---- VAR PortVaria~        -INF            0.0276        +INF             .          
---- VAR PortReturn        -INF            0.1185        +INF             .          
---- VAR z                 -INF            0.0601        +INF             .          

  PortVariance  Portfolio variance
  PortReturn  Portfolio return
  z  Objective function value


**** REPORT SUMMARY :        0     NONOPT
                             0 INFEASIBLE
                             0  UNBOUNDED
                             0     ERRORS
GAMS 45.3.0  c4c31d8a Nov 11, 2023          DEX-DEG x86 64bit/macOS - 12/03/23 18:32:29 Page 28
Mean-variance model.
Equation Listing    SOLVE MeanVar Using NLP From line 60


---- ReturnDef  =E=  Equation defining the portfolio return

ReturnDef..  - 0.0642058030681196*x(YRS_1_3) - 0.147658072041419*x(EMU) - 0.140496832782282*x(EU_EX) - 0.0417064025167957*x(PACIFIC) - 0.238042904546191*x(EMERGT) - 0.186583623751555*x(NOR_AM) - 0.0936541248576683*x(CASH_EU) - 0.0969474787252928*x(ITMHIST) + PortReturn =E= 0 ; (LHS = 0)
     

---- VarDef  =E=  Equation defining the portfolio variance

VarDef..  (0.0263192319058854)*x(YRS_1_3) - (0.157199820516468)*x(EMU) - (0.150181127423704)*x(EU_EX) - (0.161576211150486)*x(PACIFIC) - (0.234436420311223)*x(EMERGT) - (0.157247499119269)*x(NOR_AM) - (0.0178532507784381)*x(CASH_EU) - (0.112270676158657)*x(ITMHIST) + PortVariance =E= 0 ; (LHS = 0)
     

---- NormalCon  =E=  Equation defining the normalization contraint

NormalCon..  x(YRS_1_3) + x(EMU) + x(EU_EX) + x(PACIFIC) + x(EMERGT) + x(NOR_AM) + x(CASH_EU) + x(ITMHIST) =E= 1 ; (LHS = 1)
     

---- ObjDef  =E=  Objective function definition

ObjDef..  0.5*PortVariance - 0.5*PortReturn + z =E= 0 ; (LHS = 0.0146065520486394, INFES = 0.0146065520486394 ****)
     
GAMS 45.3.0  c4c31d8a Nov 11, 2023          DEX-DEG x86 64bit/macOS - 12/03/23 18:32:29 Page 29
Mean-variance model.
Column Listing      SOLVE MeanVar Using NLP From line 60


---- x  Holdings of assets

x(YRS_1_3)
                (.LO, .L, .UP, .M = 0, 0.358325371100705, +INF, 0)
       -0.0642  ReturnDef
       (0.0263) VarDef
        1       NormalCon

x(EMU)
                (.LO, .L, .UP, .M = 0, 0, +INF, -0.0233362595849615)
       -0.1477  ReturnDef
      (-0.1572) VarDef
        1       NormalCon

x(EU_EX)
                (.LO, .L, .UP, .M = 0, 0, +INF, -0.0248255259033384)
       -0.1405  ReturnDef
      (-0.1502) VarDef
        1       NormalCon

REMAINING 5 ENTRIES SKIPPED

---- PortVariance  Portfolio variance

PortVariance
                (.LO, .L, .UP, .M = -INF, 0.0275629554918647, +INF, 0)
        1       VarDef
        0.5     ObjDef


---- PortReturn  Portfolio return

PortReturn
                (.LO, .L, .UP, .M = -INF, 0.118502564994529, +INF, 0)
        1       ReturnDef
       -0.5     ObjDef


---- z  Objective function value

z
                (.LO, .L, .UP, .M = -INF, 0.0600763567999716, +INF, 0)
        1       ObjDef

GAMS 45.3.0  c4c31d8a Nov 11, 2023          DEX-DEG x86 64bit/macOS - 12/03/23 18:32:29 Page 30
Mean-variance model.
Range Statistics    SOLVE MeanVar Using NLP From line 60


RANGE STATISTICS (ABSOLUTE NON-ZERO FINITE VALUES)

RHS       [min, max] : [ 1.000E+00, 1.000E+00] - Zero values observed as well
Bound     [min, max] : [        NA,        NA] - Zero values observed as well
Matrix    [min, max] : [ 1.785E-02, 1.000E+00]

GAMS 45.3.0  c4c31d8a Nov 11, 2023          DEX-DEG x86 64bit/macOS - 12/03/23 18:32:29 Page 31
Mean-variance model.
Model Statistics    SOLVE MeanVar Using NLP From line 60


LOOPS                            FOR/WHILE   6


MODEL STATISTICS

BLOCKS OF EQUATIONS           4     SINGLE EQUATIONS            4
BLOCKS OF VARIABLES           4     SINGLE VARIABLES           11
NON ZERO ELEMENTS            29     NON LINEAR N-Z              8
CODE LENGTH                 258     CONSTANT POOL              52


GENERATION TIME      =        0.006 SECONDS      4 MB  45.3.0 c4c31d8a DEX-DEG
               L O O P S          FOR/WHILE 6

GAMS 45.3.0  c4c31d8a Nov 11, 2023          DEX-DEG x86 64bit/macOS - 12/03/23 18:32:29 Page 32
Mean-variance model.
Solution Report     SOLVE MeanVar Using NLP From line 60


               S O L V E      S U M M A R Y

     MODEL   MeanVar             OBJECTIVE  z
     TYPE    NLP                 DIRECTION  MAXIMIZE
     SOLVER  CONOPT              FROM LINE  60

**** SOLVER STATUS     1 Normal Completion
**** MODEL STATUS      2 Locally Optimal
**** OBJECTIVE VALUE                0.0464

 RESOURCE USAGE, LIMIT          0.011 10000000000.000
 ITERATION COUNT, LIMIT         9    2147483647
 EVALUATION ERRORS              0             0
--- *** This solver runs with a demo license. No commercial use.
 
 
    C O N O P T 3   version 3.17O
    Copyright (C)   ARKI Consulting and Development A/S
                    Bagsvaerdvej 246 A
                    DK-2880 Bagsvaerd, Denmark
 
 
    The model has 11 variables and 4 constraints
    with 29 Jacobian elements, 8 of which are nonlinear.
    The Hessian of the Lagrangian has 8 elements on the diagonal,
    28 elements below the diagonal, and 8 nonlinear variables.
 
 ** Warning **  The value of LFITER is out of range.
                LFITER is decreased from 2147483647 to 1000000000.
 
                   Pre-triangular equations:   0
                   Post-triangular equations:  3
 
 
 ** Optimal solution. Reduced gradient less than tolerance.
 
 
 CONOPT time Total                            0.003 seconds
   of which: Function evaluations             0.000 =  0.0%
             1st Derivative evaluations       0.000 =  0.0%
             Directional 2nd Derivative       0.000 =  0.0%
 

                           LOWER          LEVEL          UPPER         MARGINAL

---- EQU ReturnDef           .              .              .             0.5000      
---- EQU VarDef              .              .              .            -0.5000      
---- EQU NormalCon          1.0000         1.0000         1.0000         0.0370      
---- EQU ObjDef              .              .              .             1.0000      

  ReturnDef  Equation defining the portfolio return
  VarDef  Equation defining the portfolio variance
  NormalCon  Equation defining the normalization contraint
  ObjDef  Objective function definition

---- VAR x  Holdings of assets

               LOWER          LEVEL          UPPER         MARGINAL

YRS_1_3          .             0.3597        +INF             .          
EMU              .              .            +INF           -0.0222      
EU_EX            .              .            +INF           -0.0256      
PACIFIC          .              .            +INF           -0.0773      
EMERGT           .             0.0591        +INF            EPS         
NOR_AM           .             0.2126        +INF            EPS         
CASH_EU          .             0.3686        +INF            EPS         
ITMHIST          .              .            +INF           -0.0254      

                           LOWER          LEVEL          UPPER         MARGINAL

---- VAR PortVaria~        -INF            0.0186        +INF             .          
---- VAR PortReturn        -INF            0.1114        +INF             .          
---- VAR z                 -INF            0.0464        +INF             .          

  PortVariance  Portfolio variance
  PortReturn  Portfolio return
  z  Objective function value


**** REPORT SUMMARY :        0     NONOPT
                             0 INFEASIBLE
                             0  UNBOUNDED
                             0     ERRORS
GAMS 45.3.0  c4c31d8a Nov 11, 2023          DEX-DEG x86 64bit/macOS - 12/03/23 18:32:29 Page 33
Mean-variance model.
Equation Listing    SOLVE MeanVar Using NLP From line 60


---- ReturnDef  =E=  Equation defining the portfolio return

ReturnDef..  - 0.0642058030681196*x(YRS_1_3) - 0.147658072041419*x(EMU) - 0.140496832782282*x(EU_EX) - 0.0417064025167957*x(PACIFIC) - 0.238042904546191*x(EMERGT) - 0.186583623751555*x(NOR_AM) - 0.0936541248576683*x(CASH_EU) - 0.0969474787252928*x(ITMHIST) + PortReturn =E= 0 ; (LHS = 0)
     

---- VarDef  =E=  Equation defining the portfolio variance

VarDef..  (0.00988710234825752)*x(YRS_1_3) - (0.118039649254402)*x(EMU) - (0.117548468592395)*x(EU_EX) - (0.122267942169688)*x(PACIFIC) - (0.163949999129814)*x(EMERGT) - (0.112490718335179)*x(NOR_AM) - (0.0195612194412913)*x(CASH_EU) - (0.073730888473948)*x(ITMHIST) + PortVariance =E= 0 ; (LHS = 0)
     

---- NormalCon  =E=  Equation defining the normalization contraint

NormalCon..  x(YRS_1_3) + x(EMU) + x(EU_EX) + x(PACIFIC) + x(EMERGT) + x(NOR_AM) + x(CASH_EU) + x(ITMHIST) =E= 1 ; (LHS = 1)
     

---- ObjDef  =E=  Objective function definition

ObjDef..  0.6*PortVariance - 0.4*PortReturn + z =E= 0 ; (LHS = 0.0129991143378028, INFES = 0.0129991143378028 ****)
     
GAMS 45.3.0  c4c31d8a Nov 11, 2023          DEX-DEG x86 64bit/macOS - 12/03/23 18:32:29 Page 34
Mean-variance model.
Column Listing      SOLVE MeanVar Using NLP From line 60


---- x  Holdings of assets

x(YRS_1_3)
                (.LO, .L, .UP, .M = 0, 0.359691661079974, +INF, 0)
       -0.0642  ReturnDef
       (0.0099) VarDef
        1       NormalCon

x(EMU)
                (.LO, .L, .UP, .M = 0, 0, +INF, -0.0222372413146799)
       -0.1477  ReturnDef
      (-0.118)  VarDef
        1       NormalCon

x(EU_EX)
                (.LO, .L, .UP, .M = 0, 0, +INF, -0.0255722706132452)
       -0.1405  ReturnDef
      (-0.1175) VarDef
        1       NormalCon

REMAINING 5 ENTRIES SKIPPED

---- PortVariance  Portfolio variance

PortVariance
                (.LO, .L, .UP, .M = -INF, 0.0186327459872171, +INF, 0)
        1       VarDef
        0.6     ObjDef


---- PortReturn  Portfolio return

PortReturn
                (.LO, .L, .UP, .M = -INF, 0.111358397390811, +INF, 0)
        1       ReturnDef
       -0.4     ObjDef


---- z  Objective function value

z
                (.LO, .L, .UP, .M = -INF, 0.046362825701797, +INF, 0)
        1       ObjDef

GAMS 45.3.0  c4c31d8a Nov 11, 2023          DEX-DEG x86 64bit/macOS - 12/03/23 18:32:29 Page 35
Mean-variance model.
Range Statistics    SOLVE MeanVar Using NLP From line 60


RANGE STATISTICS (ABSOLUTE NON-ZERO FINITE VALUES)

RHS       [min, max] : [ 1.000E+00, 1.000E+00] - Zero values observed as well
Bound     [min, max] : [        NA,        NA] - Zero values observed as well
Matrix    [min, max] : [ 9.887E-03, 1.000E+00]

GAMS 45.3.0  c4c31d8a Nov 11, 2023          DEX-DEG x86 64bit/macOS - 12/03/23 18:32:29 Page 36
Mean-variance model.
Model Statistics    SOLVE MeanVar Using NLP From line 60


LOOPS                            FOR/WHILE   7


MODEL STATISTICS

BLOCKS OF EQUATIONS           4     SINGLE EQUATIONS            4
BLOCKS OF VARIABLES           4     SINGLE VARIABLES           11
NON ZERO ELEMENTS            29     NON LINEAR N-Z              8
CODE LENGTH                 258     CONSTANT POOL              52


GENERATION TIME      =        0.003 SECONDS      4 MB  45.3.0 c4c31d8a DEX-DEG
               L O O P S          FOR/WHILE 7

GAMS 45.3.0  c4c31d8a Nov 11, 2023          DEX-DEG x86 64bit/macOS - 12/03/23 18:32:29 Page 37
Mean-variance model.
Solution Report     SOLVE MeanVar Using NLP From line 60


               S O L V E      S U M M A R Y

     MODEL   MeanVar             OBJECTIVE  z
     TYPE    NLP                 DIRECTION  MAXIMIZE
     SOLVER  CONOPT              FROM LINE  60

**** SOLVER STATUS     1 Normal Completion
**** MODEL STATUS      2 Locally Optimal
**** OBJECTIVE VALUE                0.0338

 RESOURCE USAGE, LIMIT          0.010 10000000000.000
 ITERATION COUNT, LIMIT         9    2147483647
 EVALUATION ERRORS              0             0
--- *** This solver runs with a demo license. No commercial use.
 
 
    C O N O P T 3   version 3.17O
    Copyright (C)   ARKI Consulting and Development A/S
                    Bagsvaerdvej 246 A
                    DK-2880 Bagsvaerd, Denmark
 
 
    The model has 11 variables and 4 constraints
    with 29 Jacobian elements, 8 of which are nonlinear.
    The Hessian of the Lagrangian has 8 elements on the diagonal,
    28 elements below the diagonal, and 8 nonlinear variables.
 
 ** Warning **  The value of LFITER is out of range.
                LFITER is decreased from 2147483647 to 1000000000.
 
                   Pre-triangular equations:   0
                   Post-triangular equations:  3
 
 
 ** Optimal solution. Reduced gradient less than tolerance.
 
 
 CONOPT time Total                            0.003 seconds
   of which: Function evaluations             0.000 =  0.0%
             1st Derivative evaluations       0.000 =  0.0%
             Directional 2nd Derivative       0.000 =  0.0%
 

                           LOWER          LEVEL          UPPER         MARGINAL

---- EQU ReturnDef           .              .              .             0.4000      
---- EQU VarDef              .              .              .            -0.6000      
---- EQU NormalCon          1.0000         1.0000         1.0000         0.0250      
---- EQU ObjDef              .              .              .             1.0000      

  ReturnDef  Equation defining the portfolio return
  VarDef  Equation defining the portfolio variance
  NormalCon  Equation defining the normalization contraint
  ObjDef  Objective function definition

---- VAR x  Holdings of assets

               LOWER          LEVEL          UPPER         MARGINAL

YRS_1_3          .             0.3606        +INF             .          
EMU              .              .            +INF           -0.0211      
EU_EX            .              .            +INF           -0.0263      
PACIFIC          .              .            +INF           -0.0660      
EMERGT           .             0.0450        +INF            EPS         
NOR_AM           .             0.1835        +INF            EPS         
CASH_EU          .             0.4108        +INF            EPS         
ITMHIST          .              .            +INF           -0.0151      

                           LOWER          LEVEL          UPPER         MARGINAL

---- VAR PortVaria~        -INF            0.0147        +INF             .          
---- VAR PortReturn        -INF            0.1066        +INF             .          
---- VAR z                 -INF            0.0338        +INF             .          

  PortVariance  Portfolio variance
  PortReturn  Portfolio return
  z  Objective function value


**** REPORT SUMMARY :        0     NONOPT
                             0 INFEASIBLE
                             0  UNBOUNDED
                             0     ERRORS
GAMS 45.3.0  c4c31d8a Nov 11, 2023          DEX-DEG x86 64bit/macOS - 12/03/23 18:32:29 Page 38
Mean-variance model.
Equation Listing    SOLVE MeanVar Using NLP From line 60


---- ReturnDef  =E=  Equation defining the portfolio return

ReturnDef..  - 0.0642058030681196*x(YRS_1_3) - 0.147658072041419*x(EMU) - 0.140496832782282*x(EU_EX) - 0.0417064025167957*x(PACIFIC) - 0.238042904546191*x(EMERGT) - 0.186583623751555*x(NOR_AM) - 0.0936541248576683*x(CASH_EU) - 0.0969474787252928*x(ITMHIST) + PortReturn =E= 0 ; (LHS = 0)
     

---- VarDef  =E=  Equation defining the portfolio variance

VarDef..  - (0.00106765069016087)*x(YRS_1_3) - (0.0919328684130246)*x(EMU) - (0.0957933627048557)*x(EU_EX) - (0.0960624295158223)*x(PACIFIC) - (0.116959051675542)*x(EMERGT) - (0.0826528644791184)*x(NOR_AM) - (0.020699865216527)*x(CASH_EU) - (0.0480376966841416)*x(ITMHIST) + PortVariance =E= 0 ; (LHS = 0)
     

---- NormalCon  =E=  Equation defining the normalization contraint

NormalCon..  x(YRS_1_3) + x(EMU) + x(EU_EX) + x(PACIFIC) + x(EMERGT) + x(NOR_AM) + x(CASH_EU) + x(ITMHIST) =E= 1 ; (LHS = 1)
     

---- ObjDef  =E=  Objective function definition

ObjDef..  0.7*PortVariance - 0.3*PortReturn + z =E= 0 ; (LHS = 0.0121259382973484, INFES = 0.0121259382973484 ****)
     
GAMS 45.3.0  c4c31d8a Nov 11, 2023          DEX-DEG x86 64bit/macOS - 12/03/23 18:32:29 Page 39
Mean-variance model.
Column Listing      SOLVE MeanVar Using NLP From line 60


---- x  Holdings of assets

x(YRS_1_3)
                (.LO, .L, .UP, .M = 0, 0.360602521066152, +INF, 0)
       -0.0642  ReturnDef
      (-0.0011) VarDef
        1       NormalCon

x(EMU)
                (.LO, .L, .UP, .M = 0, 0, +INF, -0.0211382230443984)
       -0.1477  ReturnDef
      (-0.0919) VarDef
        1       NormalCon

x(EU_EX)
                (.LO, .L, .UP, .M = 0, 0, +INF, -0.026319015323152)
       -0.1405  ReturnDef
      (-0.0958) VarDef
        1       NormalCon

REMAINING 5 ENTRIES SKIPPED

---- PortVariance  Portfolio variance

PortVariance
                (.LO, .L, .UP, .M = -INF, 0.0146637639851515, +INF, 0)
        1       VarDef
        0.7     ObjDef


---- PortReturn  Portfolio return

PortReturn
                (.LO, .L, .UP, .M = -INF, 0.106595618988332, +INF, 0)
        1       ReturnDef
       -0.3     ObjDef


---- z  Objective function value

z
                (.LO, .L, .UP, .M = -INF, 0.0338399892042421, +INF, 0)
        1       ObjDef

GAMS 45.3.0  c4c31d8a Nov 11, 2023          DEX-DEG x86 64bit/macOS - 12/03/23 18:32:29 Page 40
Mean-variance model.
Range Statistics    SOLVE MeanVar Using NLP From line 60


RANGE STATISTICS (ABSOLUTE NON-ZERO FINITE VALUES)

RHS       [min, max] : [ 1.000E+00, 1.000E+00] - Zero values observed as well
Bound     [min, max] : [        NA,        NA] - Zero values observed as well
Matrix    [min, max] : [ 1.068E-03, 1.000E+00]

GAMS 45.3.0  c4c31d8a Nov 11, 2023          DEX-DEG x86 64bit/macOS - 12/03/23 18:32:29 Page 41
Mean-variance model.
Model Statistics    SOLVE MeanVar Using NLP From line 60


LOOPS                            FOR/WHILE   8


MODEL STATISTICS

BLOCKS OF EQUATIONS           4     SINGLE EQUATIONS            4
BLOCKS OF VARIABLES           4     SINGLE VARIABLES           11
NON ZERO ELEMENTS            29     NON LINEAR N-Z              8
CODE LENGTH                 258     CONSTANT POOL              52


GENERATION TIME      =        0.005 SECONDS      4 MB  45.3.0 c4c31d8a DEX-DEG
               L O O P S          FOR/WHILE 8

GAMS 45.3.0  c4c31d8a Nov 11, 2023          DEX-DEG x86 64bit/macOS - 12/03/23 18:32:29 Page 42
Mean-variance model.
Solution Report     SOLVE MeanVar Using NLP From line 60


               S O L V E      S U M M A R Y

     MODEL   MeanVar             OBJECTIVE  z
     TYPE    NLP                 DIRECTION  MAXIMIZE
     SOLVER  CONOPT              FROM LINE  60

**** SOLVER STATUS     1 Normal Completion
**** MODEL STATUS      2 Locally Optimal
**** OBJECTIVE VALUE                0.0220

 RESOURCE USAGE, LIMIT          0.014 10000000000.000
 ITERATION COUNT, LIMIT         9    2147483647
 EVALUATION ERRORS              0             0
--- *** This solver runs with a demo license. No commercial use.
 
 
    C O N O P T 3   version 3.17O
    Copyright (C)   ARKI Consulting and Development A/S
                    Bagsvaerdvej 246 A
                    DK-2880 Bagsvaerd, Denmark
 
 
    The model has 11 variables and 4 constraints
    with 29 Jacobian elements, 8 of which are nonlinear.
    The Hessian of the Lagrangian has 8 elements on the diagonal,
    28 elements below the diagonal, and 8 nonlinear variables.
 
 ** Warning **  The value of LFITER is out of range.
                LFITER is decreased from 2147483647 to 1000000000.
 
                   Pre-triangular equations:   0
                   Post-triangular equations:  3
 
 
 ** Optimal solution. Reduced gradient less than tolerance.
 
 
 CONOPT time Total                            0.002 seconds
   of which: Function evaluations             0.000 =  0.0%
             1st Derivative evaluations       0.000 =  0.0%
             Directional 2nd Derivative       0.000 =  0.0%
 

                           LOWER          LEVEL          UPPER         MARGINAL

---- EQU ReturnDef           .              .              .             0.3000      
---- EQU VarDef              .              .              .            -0.7000      
---- EQU NormalCon          1.0000         1.0000         1.0000         0.0130      
---- EQU ObjDef              .              .              .             1.0000      

  ReturnDef  Equation defining the portfolio return
  VarDef  Equation defining the portfolio variance
  NormalCon  Equation defining the normalization contraint
  ObjDef  Objective function definition

---- VAR x  Holdings of assets

               LOWER          LEVEL          UPPER         MARGINAL

YRS_1_3          .             0.3613        +INF             .          
EMU              .              .            +INF           -0.0200      
EU_EX            .              .            +INF           -0.0271      
PACIFIC          .              .            +INF           -0.0547      
EMERGT           .             0.0350        +INF            EPS         
NOR_AM           .             0.1628        +INF            EPS         
CASH_EU          .             0.4410        +INF            EPS         
ITMHIST          .              .            +INF           -0.0047      

                           LOWER          LEVEL          UPPER         MARGINAL

---- VAR PortVaria~        -INF            0.0128        +INF             .          
---- VAR PortReturn        -INF            0.1032        +INF             .          
---- VAR z                 -INF            0.0220        +INF             .          

  PortVariance  Portfolio variance
  PortReturn  Portfolio return
  z  Objective function value


**** REPORT SUMMARY :        0     NONOPT
                             0 INFEASIBLE
                             0  UNBOUNDED
                             0     ERRORS
GAMS 45.3.0  c4c31d8a Nov 11, 2023          DEX-DEG x86 64bit/macOS - 12/03/23 18:32:29 Page 43
Mean-variance model.
Equation Listing    SOLVE MeanVar Using NLP From line 60


---- ReturnDef  =E=  Equation defining the portfolio return

ReturnDef..  - 0.0642058030681196*x(YRS_1_3) - 0.147658072041419*x(EMU) - 0.140496832782282*x(EU_EX) - 0.0417064025167957*x(PACIFIC) - 0.238042904546191*x(EMERGT) - 0.186583623751555*x(NOR_AM) - 0.0936541248576683*x(CASH_EU) - 0.0969474787252928*x(ITMHIST) + PortReturn =E= 0 ; (LHS = 0)
     

---- VarDef  =E=  Equation defining the portfolio variance

VarDef..  - (0.00889247428903108)*x(YRS_1_3) - (0.0732851678120409)*x(EMU) - (0.0802540013566135)*x(EU_EX) - (0.0773442061916328)*x(PACIFIC) - (0.0833940892082049)*x(EMERGT) - (0.0613401117247898)*x(NOR_AM) - (0.0215131836274097)*x(CASH_EU) - (0.02968541683428)*x(ITMHIST) + PortVariance =E= 0 ; (LHS = 0)
     

---- NormalCon  =E=  Equation defining the normalization contraint

NormalCon..  x(YRS_1_3) + x(EMU) + x(EU_EX) + x(PACIFIC) + x(EMERGT) + x(NOR_AM) + x(CASH_EU) + x(ITMHIST) =E= 1 ; (LHS = 1)
     

---- ObjDef  =E=  Objective function definition

ObjDef..  0.8*PortVariance - 0.2*PortReturn + z =E= 0 ; (LHS = 0.0115994406848295, INFES = 0.0115994406848295 ****)
     
GAMS 45.3.0  c4c31d8a Nov 11, 2023          DEX-DEG x86 64bit/macOS - 12/03/23 18:32:29 Page 44
Mean-variance model.
Column Listing      SOLVE MeanVar Using NLP From line 60


---- x  Holdings of assets

x(YRS_1_3)
                (.LO, .L, .UP, .M = 0, 0.361253135341993, +INF, 0)
       -0.0642  ReturnDef
      (-0.0089) VarDef
        1       NormalCon

x(EMU)
                (.LO, .L, .UP, .M = 0, 0, +INF, -0.020039204774117)
       -0.1477  ReturnDef
      (-0.0733) VarDef
        1       NormalCon

x(EU_EX)
                (.LO, .L, .UP, .M = 0, 0, +INF, -0.027065760033059)
       -0.1405  ReturnDef
      (-0.0803) VarDef
        1       NormalCon

REMAINING 5 ENTRIES SKIPPED

---- PortVariance  Portfolio variance

PortVariance
                (.LO, .L, .UP, .M = -INF, 0.0128007724331615, +INF, 0)
        1       VarDef
        0.8     ObjDef


---- PortReturn  Portfolio return

PortReturn
                (.LO, .L, .UP, .M = -INF, 0.103193634415133, +INF, 0)
        1       ReturnDef
       -0.2     ObjDef


---- z  Objective function value

z
                (.LO, .L, .UP, .M = -INF, 0.0219975496213269, +INF, 0)
        1       ObjDef

GAMS 45.3.0  c4c31d8a Nov 11, 2023          DEX-DEG x86 64bit/macOS - 12/03/23 18:32:29 Page 45
Mean-variance model.
Range Statistics    SOLVE MeanVar Using NLP From line 60


RANGE STATISTICS (ABSOLUTE NON-ZERO FINITE VALUES)

RHS       [min, max] : [ 1.000E+00, 1.000E+00] - Zero values observed as well
Bound     [min, max] : [        NA,        NA] - Zero values observed as well
Matrix    [min, max] : [ 8.892E-03, 1.000E+00]

GAMS 45.3.0  c4c31d8a Nov 11, 2023          DEX-DEG x86 64bit/macOS - 12/03/23 18:32:29 Page 46
Mean-variance model.
Model Statistics    SOLVE MeanVar Using NLP From line 60


LOOPS                            FOR/WHILE   9


MODEL STATISTICS

BLOCKS OF EQUATIONS           4     SINGLE EQUATIONS            4
BLOCKS OF VARIABLES           4     SINGLE VARIABLES           11
NON ZERO ELEMENTS            29     NON LINEAR N-Z              8
CODE LENGTH                 258     CONSTANT POOL              52


GENERATION TIME      =        0.017 SECONDS      4 MB  45.3.0 c4c31d8a DEX-DEG
               L O O P S          FOR/WHILE 9

GAMS 45.3.0  c4c31d8a Nov 11, 2023          DEX-DEG x86 64bit/macOS - 12/03/23 18:32:29 Page 47
Mean-variance model.
Solution Report     SOLVE MeanVar Using NLP From line 60


               S O L V E      S U M M A R Y

     MODEL   MeanVar             OBJECTIVE  z
     TYPE    NLP                 DIRECTION  MAXIMIZE
     SOLVER  CONOPT              FROM LINE  60

**** SOLVER STATUS     1 Normal Completion
**** MODEL STATUS      2 Locally Optimal
**** OBJECTIVE VALUE                0.0106

 RESOURCE USAGE, LIMIT          0.015 10000000000.000
 ITERATION COUNT, LIMIT         9    2147483647
 EVALUATION ERRORS              0             0
--- *** This solver runs with a demo license. No commercial use.
 
 
    C O N O P T 3   version 3.17O
    Copyright (C)   ARKI Consulting and Development A/S
                    Bagsvaerdvej 246 A
                    DK-2880 Bagsvaerd, Denmark
 
 
    The model has 11 variables and 4 constraints
    with 29 Jacobian elements, 8 of which are nonlinear.
    The Hessian of the Lagrangian has 8 elements on the diagonal,
    28 elements below the diagonal, and 8 nonlinear variables.
 
 ** Warning **  The value of LFITER is out of range.
                LFITER is decreased from 2147483647 to 1000000000.
 
                   Pre-triangular equations:   0
                   Post-triangular equations:  3
 
 
 ** Optimal solution. Reduced gradient less than tolerance.
 
 
 CONOPT time Total                            0.004 seconds
   of which: Function evaluations             0.001 = 25.0%
             1st Derivative evaluations       0.000 =  0.0%
             Directional 2nd Derivative       0.000 =  0.0%
 

                           LOWER          LEVEL          UPPER         MARGINAL

---- EQU ReturnDef           .              .              .             0.2000      
---- EQU VarDef              .              .              .            -0.8000      
---- EQU NormalCon          1.0000         1.0000         1.0000         0.0012      
---- EQU ObjDef              .              .              .             1.0000      

  ReturnDef  Equation defining the portfolio return
  VarDef  Equation defining the portfolio variance
  NormalCon  Equation defining the normalization contraint
  ObjDef  Objective function definition

---- VAR x  Holdings of assets

               LOWER          LEVEL          UPPER         MARGINAL

YRS_1_3          .             0.3561        +INF             .          
EMU              .              .            +INF           -0.0205      
EU_EX            .              .            +INF           -0.0282      
PACIFIC          .              .            +INF           -0.0434      
EMERGT           .             0.0255        +INF            EPS         
NOR_AM           .             0.1421        +INF            EPS         
CASH_EU          .             0.4690        +INF            EPS         
ITMHIST          .             0.0073        +INF            EPS         

                           LOWER          LEVEL          UPPER         MARGINAL

---- VAR PortVaria~        -INF            0.0118        +INF             .          
---- VAR PortReturn        -INF            0.1001        +INF             .          
---- VAR z                 -INF            0.0106        +INF             .          

  PortVariance  Portfolio variance
  PortReturn  Portfolio return
  z  Objective function value


**** REPORT SUMMARY :        0     NONOPT
                             0 INFEASIBLE
                             0  UNBOUNDED
                             0     ERRORS
GAMS 45.3.0  c4c31d8a Nov 11, 2023          DEX-DEG x86 64bit/macOS - 12/03/23 18:32:29 Page 48
Mean-variance model.
Equation Listing    SOLVE MeanVar Using NLP From line 60


---- ReturnDef  =E=  Equation defining the portfolio return

ReturnDef..  - 0.0642058030681196*x(YRS_1_3) - 0.147658072041419*x(EMU) - 0.140496832782282*x(EU_EX) - 0.0417064025167957*x(PACIFIC) - 0.238042904546191*x(EMERGT) - 0.186583623751555*x(NOR_AM) - 0.0936541248576683*x(CASH_EU) - 0.0969474787252928*x(ITMHIST) + PortReturn =E= 0 ; (LHS = 0)
     

---- VarDef  =E=  Equation defining the portfolio variance

VarDef..  - (0.0145679228744692)*x(YRS_1_3) - (0.0610113335127052)*x(EMU) - (0.0688525149747925)*x(EU_EX) - (0.0631541869160979)*x(PACIFIC) - (0.0580271982439898)*x(EMERGT) - (0.0451623780453311)*x(NOR_AM) - (0.0219300033218591)*x(CASH_EU) - (0.0227533417887643)*x(ITMHIST) + PortVariance =E= 0 ; (LHS = 0)
     

---- NormalCon  =E=  Equation defining the normalization contraint

NormalCon..  x(YRS_1_3) + x(EMU) + x(EU_EX) + x(PACIFIC) + x(EMERGT) + x(NOR_AM) + x(CASH_EU) + x(ITMHIST) =E= 1 ; (LHS = 0.999999999999999)
     

---- ObjDef  =E=  Objective function definition

ObjDef..  0.9*PortVariance - 0.1*PortReturn + z =E= 0 ; (LHS = 0.01118433599162, INFES = 0.01118433599162 ****)
     
GAMS 45.3.0  c4c31d8a Nov 11, 2023          DEX-DEG x86 64bit/macOS - 12/03/23 18:32:29 Page 49
Mean-variance model.
Column Listing      SOLVE MeanVar Using NLP From line 60


---- x  Holdings of assets

x(YRS_1_3)
                (.LO, .L, .UP, .M = 0, 0.356063421952056, +INF, 0)
       -0.0642  ReturnDef
      (-0.0146) VarDef
        1       NormalCon

x(EMU)
                (.LO, .L, .UP, .M = 0, 0, +INF, -0.0204642747159289)
       -0.1477  ReturnDef
      (-0.061)  VarDef
        1       NormalCon

x(EU_EX)
                (.LO, .L, .UP, .M = 0, 0, +INF, -0.0281694677374262)
       -0.1405  ReturnDef
      (-0.0689) VarDef
        1       NormalCon

REMAINING 5 ENTRIES SKIPPED

---- PortVariance  Portfolio variance

PortVariance
                (.LO, .L, .UP, .M = -INF, 0.0117676942606627, +INF, 0)
        1       VarDef
        0.9     ObjDef


---- PortReturn  Portfolio return

PortReturn
                (.LO, .L, .UP, .M = -INF, 0.100075665655537, +INF, 0)
        1       ReturnDef
       -0.1     ObjDef


---- z  Objective function value

z
                (.LO, .L, .UP, .M = -INF, 0.0106009777225773, +INF, 0)
        1       ObjDef

GAMS 45.3.0  c4c31d8a Nov 11, 2023          DEX-DEG x86 64bit/macOS - 12/03/23 18:32:29 Page 50
Mean-variance model.
Range Statistics    SOLVE MeanVar Using NLP From line 60


RANGE STATISTICS (ABSOLUTE NON-ZERO FINITE VALUES)

RHS       [min, max] : [ 1.000E+00, 1.000E+00] - Zero values observed as well
Bound     [min, max] : [        NA,        NA] - Zero values observed as well
Matrix    [min, max] : [ 1.457E-02, 1.000E+00]

GAMS 45.3.0  c4c31d8a Nov 11, 2023          DEX-DEG x86 64bit/macOS - 12/03/23 18:32:29 Page 51
Mean-variance model.
Model Statistics    SOLVE MeanVar Using NLP From line 60


LOOPS                            FOR/WHILE   10


MODEL STATISTICS

BLOCKS OF EQUATIONS           4     SINGLE EQUATIONS            4
BLOCKS OF VARIABLES           4     SINGLE VARIABLES           11
NON ZERO ELEMENTS            29     NON LINEAR N-Z              8
CODE LENGTH                 258     CONSTANT POOL              52


GENERATION TIME      =        0.006 SECONDS      4 MB  45.3.0 c4c31d8a DEX-DEG
               L O O P S          FOR/WHILE 10

GAMS 45.3.0  c4c31d8a Nov 11, 2023          DEX-DEG x86 64bit/macOS - 12/03/23 18:32:29 Page 52
Mean-variance model.
Solution Report     SOLVE MeanVar Using NLP From line 60


               S O L V E      S U M M A R Y

     MODEL   MeanVar             OBJECTIVE  z
     TYPE    NLP                 DIRECTION  MAXIMIZE
     SOLVER  CONOPT              FROM LINE  60

**** SOLVER STATUS     1 Normal Completion
**** MODEL STATUS      2 Locally Optimal
**** OBJECTIVE VALUE               -0.0004

 RESOURCE USAGE, LIMIT          0.017 10000000000.000
 ITERATION COUNT, LIMIT        10    2147483647
 EVALUATION ERRORS              0             0
--- *** This solver runs with a demo license. No commercial use.
 
 
    C O N O P T 3   version 3.17O
    Copyright (C)   ARKI Consulting and Development A/S
                    Bagsvaerdvej 246 A
                    DK-2880 Bagsvaerd, Denmark
 
 
    The model has 11 variables and 4 constraints
    with 29 Jacobian elements, 8 of which are nonlinear.
    The Hessian of the Lagrangian has 8 elements on the diagonal,
    28 elements below the diagonal, and 8 nonlinear variables.
 
 ** Warning **  The value of LFITER is out of range.
                LFITER is decreased from 2147483647 to 1000000000.
 
                   Pre-triangular equations:   0
                   Post-triangular equations:  3
 
 
 ** Optimal solution. Reduced gradient less than tolerance.
 
 
 CONOPT time Total                            0.004 seconds
   of which: Function evaluations             0.001 = 25.0%
             1st Derivative evaluations       0.000 =  0.0%
             Directional 2nd Derivative       0.000 =  0.0%
 

                           LOWER          LEVEL          UPPER         MARGINAL

---- EQU ReturnDef           .              .              .             0.1000      
---- EQU VarDef              .              .              .            -0.9000      
---- EQU NormalCon          1.0000         1.0000         1.0000        -0.0105      
---- EQU ObjDef              .              .              .             1.0000      

  ReturnDef  Equation defining the portfolio return
  VarDef  Equation defining the portfolio variance
  NormalCon  Equation defining the normalization contraint
  ObjDef  Objective function definition

---- VAR x  Holdings of assets

               LOWER          LEVEL          UPPER         MARGINAL

YRS_1_3          .             0.3478        +INF             .          
EMU              .              .            +INF           -0.0222      
EU_EX            .              .            +INF           -0.0296      
PACIFIC          .              .            +INF           -0.0321      
EMERGT           .             0.0166        +INF            EPS         
NOR_AM           .             0.1221        +INF            EPS         
CASH_EU          .             0.4949        +INF            EPS         
ITMHIST          .             0.0185        +INF            EPS         

                           LOWER          LEVEL          UPPER         MARGINAL

---- VAR PortVaria~        -INF            0.0113        +INF             .          
---- VAR PortReturn        -INF            0.0972        +INF             .          
---- VAR z                 -INF           -0.0004        +INF             .          

  PortVariance  Portfolio variance
  PortReturn  Portfolio return
  z  Objective function value


**** REPORT SUMMARY :        0     NONOPT
                             0 INFEASIBLE
                             0  UNBOUNDED
                             0     ERRORS
GAMS 45.3.0  c4c31d8a Nov 11, 2023          DEX-DEG x86 64bit/macOS - 12/03/23 18:32:29 Page 53
Mean-variance model.
Equation Listing    SOLVE MeanVar Using NLP From line 60


---- ReturnDef  =E=  Equation defining the portfolio return

ReturnDef..  - 0.0642058030681196*x(YRS_1_3) - 0.147658072041419*x(EMU) - 0.140496832782282*x(EU_EX) - 0.0417064025167957*x(PACIFIC) - 0.238042904546191*x(EMERGT) - 0.186583623751555*x(NOR_AM) - 0.0936541248576683*x(CASH_EU) - 0.0969474787252928*x(ITMHIST) + PortReturn =E= 0 ; (LHS = 0)
     

---- VarDef  =E=  Equation defining the portfolio variance

VarDef..  - (0.0188375747711326)*x(YRS_1_3) - (0.0527463953574838)*x(EMU) - (0.0601740870945405)*x(EU_EX) - (0.0520042193785621)*x(PACIFIC) - (0.038152808265786)*x(EMERGT) - (0.0324351104006633)*x(NOR_AM) - (0.0221096105253804)*x(CASH_EU) - (0.02247553873036)*x(ITMHIST) + PortVariance =E= 0 ; (LHS = 0)
     

---- NormalCon  =E=  Equation defining the normalization contraint

NormalCon..  x(YRS_1_3) + x(EMU) + x(EU_EX) + x(PACIFIC) + x(EMERGT) + x(NOR_AM) + x(CASH_EU) + x(ITMHIST) =E= 1 ; (LHS = 0.999999999999998)
     

---- ObjDef  =E=  Objective function definition

ObjDef..  1*PortVariance - 1.11022302462516E-16*PortReturn + z =E= 0 ; (LHS = 0.0108479846340261, INFES = 0.0108479846340261 ****)
     
GAMS 45.3.0  c4c31d8a Nov 11, 2023          DEX-DEG x86 64bit/macOS - 12/03/23 18:32:29 Page 54
Mean-variance model.
Column Listing      SOLVE MeanVar Using NLP From line 60


---- x  Holdings of assets

x(YRS_1_3)
                (.LO, .L, .UP, .M = 0, 0.347777274096306, +INF, 0)
       -0.0642  ReturnDef
      (-0.0188) VarDef
        1       NormalCon

x(EMU)
                (.LO, .L, .UP, .M = 0, 0, +INF, -0.0221727116303861)
       -0.1477  ReturnDef
      (-0.0527) VarDef
        1       NormalCon

x(EU_EX)
                (.LO, .L, .UP, .M = 0, 0, +INF, -0.0295737581196509)
       -0.1405  ReturnDef
      (-0.0602) VarDef
        1       NormalCon

REMAINING 5 ENTRIES SKIPPED

---- PortVariance  Portfolio variance

PortVariance
                (.LO, .L, .UP, .M = -INF, 0.011253274537297, +INF, 0)
        1       VarDef
        1       ObjDef


---- PortReturn  Portfolio return

PortReturn
                (.LO, .L, .UP, .M = -INF, 0.0972265718029642, +INF, 0)
        1       ReturnDef
  -1.11022E-16  ObjDef


---- z  Objective function value

z
                (.LO, .L, .UP, .M = -INF, -0.000405289903270837, +INF, 0)
        1       ObjDef

GAMS 45.3.0  c4c31d8a Nov 11, 2023          DEX-DEG x86 64bit/macOS - 12/03/23 18:32:29 Page 55
Mean-variance model.
Range Statistics    SOLVE MeanVar Using NLP From line 60


RANGE STATISTICS (ABSOLUTE NON-ZERO FINITE VALUES)

RHS       [min, max] : [ 1.000E+00, 1.000E+00] - Zero values observed as well
Bound     [min, max] : [        NA,        NA] - Zero values observed as well
Matrix    [min, max] : [ 1.110E-16, 1.000E+00]

GAMS 45.3.0  c4c31d8a Nov 11, 2023          DEX-DEG x86 64bit/macOS - 12/03/23 18:32:29 Page 56
Mean-variance model.
Model Statistics    SOLVE MeanVar Using NLP From line 60


LOOPS                            FOR/WHILE   11


MODEL STATISTICS

BLOCKS OF EQUATIONS           4     SINGLE EQUATIONS            4
BLOCKS OF VARIABLES           4     SINGLE VARIABLES           11
NON ZERO ELEMENTS            29     NON LINEAR N-Z              8
CODE LENGTH                 258     CONSTANT POOL              52


GENERATION TIME      =        0.005 SECONDS      5 MB  45.3.0 c4c31d8a DEX-DEG
               L O O P S          FOR/WHILE 11

GAMS 45.3.0  c4c31d8a Nov 11, 2023          DEX-DEG x86 64bit/macOS - 12/03/23 18:32:29 Page 57
Mean-variance model.
Solution Report     SOLVE MeanVar Using NLP From line 60


               S O L V E      S U M M A R Y

     MODEL   MeanVar             OBJECTIVE  z
     TYPE    NLP                 DIRECTION  MAXIMIZE
     SOLVER  CONOPT              FROM LINE  60

**** SOLVER STATUS     1 Normal Completion
**** MODEL STATUS      2 Locally Optimal
**** OBJECTIVE VALUE               -0.0111

 RESOURCE USAGE, LIMIT          0.018 10000000000.000
 ITERATION COUNT, LIMIT         9    2147483647
 EVALUATION ERRORS              0             0
--- *** This solver runs with a demo license. No commercial use.
 
 
    C O N O P T 3   version 3.17O
    Copyright (C)   ARKI Consulting and Development A/S
                    Bagsvaerdvej 246 A
                    DK-2880 Bagsvaerd, Denmark
 
 
    The model has 11 variables and 4 constraints
    with 29 Jacobian elements, 8 of which are nonlinear.
    The Hessian of the Lagrangian has 8 elements on the diagonal,
    28 elements below the diagonal, and 8 nonlinear variables.
 
 ** Warning **  The value of LFITER is out of range.
                LFITER is decreased from 2147483647 to 1000000000.
 
                   Pre-triangular equations:   0
                   Post-triangular equations:  3
 
 
 ** Optimal solution. Reduced gradient less than tolerance.
 
 
 CONOPT time Total                            0.003 seconds
   of which: Function evaluations             0.001 = 33.3%
             1st Derivative evaluations       0.000 =  0.0%
             Directional 2nd Derivative       0.000 =  0.0%
 

                           LOWER          LEVEL          UPPER         MARGINAL

---- EQU ReturnDef           .              .              .             EPS         
---- EQU VarDef              .              .              .            -1.0000      
---- EQU NormalCon          1.0000         1.0000         1.0000        -0.0223      
---- EQU ObjDef              .              .              .             1.0000      

  ReturnDef  Equation defining the portfolio return
  VarDef  Equation defining the portfolio variance
  NormalCon  Equation defining the normalization contraint
  ObjDef  Objective function definition

---- VAR x  Holdings of assets

               LOWER          LEVEL          UPPER         MARGINAL

YRS_1_3          .             0.3411        +INF             .          
EMU              .              .            +INF           -0.0239      
EU_EX            .              .            +INF           -0.0310      
PACIFIC          .              .            +INF           -0.0208      
EMERGT           .             0.0096        +INF            EPS         
NOR_AM           .             0.1062        +INF            EPS         
CASH_EU          .             0.5156        +INF            EPS         
ITMHIST          .             0.0275        +INF            EPS         

                           LOWER          LEVEL          UPPER         MARGINAL

---- VAR PortVaria~        -INF            0.0111        +INF             .          
---- VAR PortReturn        -INF            0.0949        +INF             .          
---- VAR z                 -INF           -0.0111        +INF             .          

  PortVariance  Portfolio variance
  PortReturn  Portfolio return
  z  Objective function value


**** REPORT SUMMARY :        0     NONOPT
                             0 INFEASIBLE
                             0  UNBOUNDED
                             0     ERRORS
GAMS 45.3.0  c4c31d8a Nov 11, 2023          DEX-DEG x86 64bit/macOS - 12/03/23 18:32:29 Page 58
Mean-variance model.
E x e c u t i o n


**** REPORT FILE SUMMARY

FrontierHandle /Users/madhav/Desktop/Project 643/GAMS Codes/MeanVarianceFrontier.csv


EXECUTION TIME       =        0.991 SECONDS      5 MB  45.3.0 c4c31d8a DEX-DEG


USER: GAMS Demo, for EULA and demo limitations see   G230930/0001CB-GEN
      https://www.gams.com/latest/docs/UG%5FLicense.html         DC0000


**** FILE SUMMARY

Input      /Users/madhav/Desktop/Project 643/GAMS Codes/meanvar.gms
Output     /Users/madhav/Desktop/Project 643/GAMS Codes/meanvar.lst
